
> idle-resource-rental-backend@1.0.0 build
> tsc

